<html>
<body>
<pre>
<h1>µVision Build Log</h1>
<h2>Tool Versions:</h2>
IDE-Version: µVision V5.21.1.0
Copyright (C) 2016 ARM Ltd and ARM Germany GmbH. All rights reserved.
License Information: admin admin, admin, LIC=585FJ-UHFMQ-63XMB-2V4CL-LR27L-SYXC8
 
Tool Versions:
Toolchain:       MDK-ARM Plus  Version: 5.21a
Toolchain Path:  F:\keil_v5\ARM\ARMCC\Bin
C Compiler:      Armcc.exe V5.06 update 3 (build 300)
Assembler:       Armasm.exe V5.06 update 3 (build 300)
Linker/Locator:  ArmLink.exe V5.06 update 3 (build 300)
Library Manager: ArmAr.exe V5.06 update 3 (build 300)
Hex Converter:   FromElf.exe V5.06 update 3 (build 300)
CPU DLL:         SARMCM3.DLL V5.21a
Dialog DLL:      DCM.DLL V1.13.8.0
Target DLL:      STLink\ST-LINKIII-KEIL_SWO.dll V2.0.18.0
Dialog DLL:      TCM.DLL V1.14.14.0
 
<h2>Project:</h2>
E:\hoc\doanchuyennganh\DOAN1\DOAN1\doan\MDK-ARM\doan.uvprojx
Project File Date:  07/21/2022

<h2>Output:</h2>
*** Using Compiler 'V5.06 update 3 (build 300)', folder: 'F:\keil_v5\ARM\ARMCC\Bin'
Rebuild target 'doan'
assembling startup_stm32f103xb.s...
compiling stm32f1xx_hal_tim.c...
compiling stm32f1xx_hal_msp.c...
compiling stm32f1xx_hal_tim_ex.c...
compiling stm32f1xx_it.c...
compiling stm32f1xx_hal_gpio_ex.c...
compiling lcd_16x2.c...
..\Core\Src\lcd_16x2.c(49): warning:  #223-D: function "sprintf" declared implicitly
  	sprintf(buffer, "%d", number);
..\Core\Src\lcd_16x2.c: 1 warning, 0 errors
compiling main.c...
../Core/Src/main.c(62): warning:  #188-D: enumerated type mixed with another type
  	  HAL_GPIO_WritePin(
PIOA,
PIO_PIN_8, data&0x01);
../Core/Src/main.c(63): warning:  #188-D: enumerated type mixed with another type
  	  HAL_GPIO_WritePin(
PIOA,
PIO_PIN_9, (data>>1)&0x01);
../Core/Src/main.c(64): warning:  #188-D: enumerated type mixed with another type
  	  HAL_GPIO_WritePin(
PIOA,
PIO_PIN_10, (data>>2)&0x01);
../Core/Src/main.c(65): warning:  #188-D: enumerated type mixed with another type
  	  HAL_GPIO_WritePin(
PIOA,
PIO_PIN_11, (data>>3)&0x01);
../Core/Src/main.c(66): warning:  #188-D: enumerated type mixed with another type
  	  HAL_GPIO_WritePin(
PIOA,
PIO_PIN_12, (data>>4)&0x01);
../Core/Src/main.c(67): warning:  #188-D: enumerated type mixed with another type
  	  HAL_GPIO_WritePin(
PIOA,
PIO_PIN_15, (data>>5)&0x01);
../Core/Src/main.c(68): warning:  #188-D: enumerated type mixed with another type
  	  HAL_GPIO_WritePin(
PIOB,
PIO_PIN_3, (data>>6)&0x01);
../Core/Src/main.c(69): warning:  #188-D: enumerated type mixed with another type
  	  HAL_GPIO_WritePin(
PIOB,
PIO_PIN_4, (data>>7)&0x01);
../Core/Src/main.c(83): warning:  #188-D: enumerated type mixed with another type
  		  HAL_GPIO_WritePin(
PIOB,
PIO_PIN_11,0); //XANH1
../Core/Src/main.c(84): warning:  #188-D: enumerated type mixed with another type
  			HAL_GPIO_WritePin(
PIOB,
PIO_PIN_10,0); //VANG1
../Core/Src/main.c(85): warning:  #188-D: enumerated type mixed with another type
  			HAL_GPIO_WritePin(
PIOB,
PIO_PIN_1,0); //DO1
../Core/Src/main.c(86): warning:  #188-D: enumerated type mixed with another type
  	    HAL_GPIO_WritePin(
PIOB,
PIO_PIN_0,0); //XANH2
../Core/Src/main.c(87): warning:  #188-D: enumerated type mixed with another type
  			HAL_GPIO_WritePin(
PIOA,
PIO_PIN_7,0); //VANG2
../Core/Src/main.c(88): warning:  #188-D: enumerated type mixed with another type
  			HAL_GPIO_WritePin(
PIOA,
PIO_PIN_6,0); //DO2
../Core/Src/main.c(89): warning:  #188-D: enumerated type mixed with another type
  	    HAL_GPIO_WritePin(
PIOB,
PIO_PIN_14,0);
../Core/Src/main.c(90): warning:  #188-D: enumerated type mixed with another type
  	    HAL_GPIO_WritePin(
PIOB,
PIO_PIN_15,0);
../Core/Src/main.c(91): warning:  #188-D: enumerated type mixed with another type
  	    HAL_GPIO_WritePin(
PIOB,
PIO_PIN_12,0);
../Core/Src/main.c(92): warning:  #188-D: enumerated type mixed with another type
  	    HAL_GPIO_WritePin(
PIOB,
PIO_PIN_13,0);
../Core/Src/main.c(93): warning:  #940-D: missing return statement at end of non-void function "reset"
  		}
../Core/Src/main.c(98): warning:  #188-D: enumerated type mixed with another type
  				HAL_GPIO_WritePin(
PIOB,
PIO_PIN_13,1);
../Core/Src/main.c(100): warning:  #188-D: enumerated type mixed with another type
  				HAL_GPIO_WritePin(
PIOB,
PIO_PIN_13,0);
../Core/Src/main.c(102): warning:  #188-D: enumerated type mixed with another type
  				HAL_GPIO_WritePin(
PIOB,
PIO_PIN_12,1);
../Core/Src/main.c(104): warning:  #188-D: enumerated type mixed with another type
  				HAL_GPIO_WritePin(
PIOB,
PIO_PIN_12,0);
../Core/Src/main.c(106): warning:  #188-D: enumerated type mixed with another type
  				HAL_GPIO_WritePin(
PIOB,
PIO_PIN_15,1);
../Core/Src/main.c(108): warning:  #188-D: enumerated type mixed with another type
  				HAL_GPIO_WritePin(
PIOB,
PIO_PIN_15,0);
../Core/Src/main.c(110): warning:  #188-D: enumerated type mixed with another type
  				HAL_GPIO_WritePin(
PIOB,
PIO_PIN_14,1);
../Core/Src/main.c(112): warning:  #188-D: enumerated type mixed with another type
  				HAL_GPIO_WritePin(
PIOB,
PIO_PIN_14,0);
../Core/Src/main.c(113): warning:  #940-D: missing return statement at end of non-void function "ledxanh_do1"
  		}
../Core/Src/main.c(117): warning:  #188-D: enumerated type mixed with another type
  				HAL_GPIO_WritePin(
PIOB,
PIO_PIN_15,1);
../Core/Src/main.c(119): warning:  #188-D: enumerated type mixed with another type
  				HAL_GPIO_WritePin(
PIOB,
PIO_PIN_15,0);
../Core/Src/main.c(121): warning:  #188-D: enumerated type mixed with another type
  				HAL_GPIO_WritePin(
PIOB,
PIO_PIN_14,1);
../Core/Src/main.c(123): warning:  #188-D: enumerated type mixed with another type
  				HAL_GPIO_WritePin(
PIOB,
PIO_PIN_14,0);
../Core/Src/main.c(125): warning:  #188-D: enumerated type mixed with another type
  				HAL_GPIO_WritePin(
PIOB,
PIO_PIN_13,1);
../Core/Src/main.c(127): warning:  #188-D: enumerated type mixed with another type
  				HAL_GPIO_WritePin(
PIOB,
PIO_PIN_13,0);
../Core/Src/main.c(129): warning:  #188-D: enumerated type mixed with another type
  				HAL_GPIO_WritePin(
PIOB,
PIO_PIN_12,1);
../Core/Src/main.c(131): warning:  #188-D: enumerated type mixed with another type
  				HAL_GPIO_WritePin(
PIOB,
PIO_PIN_12,0);
../Core/Src/main.c(132): warning:  #940-D: missing return statement at end of non-void function "ledxanh_do2"
  		}
../Core/Src/main.c(136): warning:  #188-D: enumerated type mixed with another type
  				HAL_GPIO_WritePin(
PIOB,
PIO_PIN_13,1);
../Core/Src/main.c(138): warning:  #188-D: enumerated type mixed with another type
  				HAL_GPIO_WritePin(
PIOB,
PIO_PIN_13,0);
../Core/Src/main.c(140): warning:  #188-D: enumerated type mixed with another type
  				HAL_GPIO_WritePin(
PIOB,
PIO_PIN_12,1);
../Core/Src/main.c(142): warning:  #188-D: enumerated type mixed with another type
  				HAL_GPIO_WritePin(
PIOB,
PIO_PIN_12,0);
../Core/Src/main.c(144): warning:  #188-D: enumerated type mixed with another type
  				HAL_GPIO_WritePin(
PIOB,
PIO_PIN_15,1);
../Core/Src/main.c(146): warning:  #188-D: enumerated type mixed with another type
  				HAL_GPIO_WritePin(
PIOB,
PIO_PIN_15,0);
../Core/Src/main.c(148): warning:  #188-D: enumerated type mixed with another type
  				HAL_GPIO_WritePin(
PIOB,
PIO_PIN_14,1);
../Core/Src/main.c(150): warning:  #188-D: enumerated type mixed with another type
  				HAL_GPIO_WritePin(
PIOB,
PIO_PIN_14,0);
../Core/Src/main.c(151): warning:  #940-D: missing return statement at end of non-void function "ledvang_do"
  			}
../Core/Src/main.c(205): warning:  #188-D: enumerated type mixed with another type
  			HAL_GPIO_WritePin(
PIOB,
PIO_PIN_11,0); //XANH1
../Core/Src/main.c(206): warning:  #188-D: enumerated type mixed with another type
  			HAL_GPIO_WritePin(
PIOB,
PIO_PIN_10,0); //VANG1
../Core/Src/main.c(207): warning:  #188-D: enumerated type mixed with another type
  			HAL_GPIO_WritePin(
PIOB,
PIO_PIN_1,1); //DO1
../Core/Src/main.c(208): warning:  #188-D: enumerated type mixed with another type
  	    HAL_GPIO_WritePin(
PIOB,
PIO_PIN_0,1); //XANH2
../Core/Src/main.c(209): warning:  #188-D: enumerated type mixed with another type
  			HAL_GPIO_WritePin(
PIOA,
PIO_PIN_7,0); //VANG2
../Core/Src/main.c(210): warning:  #188-D: enumerated type mixed with another type
  			HAL_GPIO_WritePin(
PIOA,
PIO_PIN_6,0); //DO2
../Core/Src/main.c(224): warning:  #188-D: enumerated type mixed with another type
        HAL_GPIO_WritePin(
PIOB,
PIO_PIN_11,0); //XANH1
../Core/Src/main.c(225): warning:  #188-D: enumerated type mixed with another type
  			HAL_GPIO_WritePin(
PIOB,
PIO_PIN_10,0); //VANG1
../Core/Src/main.c(226): warning:  #188-D: enumerated type mixed with another type
  			HAL_GPIO_WritePin(
PIOB,
PIO_PIN_1,1); //DO1
../Core/Src/main.c(227): warning:  #188-D: enumerated type mixed with another type
  	    HAL_GPIO_WritePin(
PIOB,
PIO_PIN_0,0); //XANH2
../Core/Src/main.c(228): warning:  #188-D: enumerated type mixed with another type
  			HAL_GPIO_WritePin(
PIOA,
PIO_PIN_7,1); //VANG2
../Core/Src/main.c(229): warning:  #188-D: enumerated type mixed with another type
  			HAL_GPIO_WritePin(
PIOA,
PIO_PIN_6,0); //DO2
../Core/Src/main.c(242): warning:  #188-D: enumerated type mixed with another type
        HAL_GPIO_WritePin(
PIOB,
PIO_PIN_11,1); //XANH1
../Core/Src/main.c(243): warning:  #188-D: enumerated type mixed with another type
  			HAL_GPIO_WritePin(
PIOB,
PIO_PIN_10,0); //VANG1
../Core/Src/main.c(244): warning:  #188-D: enumerated type mixed with another type
  			HAL_GPIO_WritePin(
PIOB,
PIO_PIN_1,0); //DO1
../Core/Src/main.c(245): warning:  #188-D: enumerated type mixed with another type
  	    HAL_GPIO_WritePin(
PIOB,
PIO_PIN_0,0); //XANH2
../Core/Src/main.c(246): warning:  #188-D: enumerated type mixed with another type
  			HAL_GPIO_WritePin(
PIOA,
PIO_PIN_7,0); //VANG2
../Core/Src/main.c(247): warning:  #188-D: enumerated type mixed with another type
  			HAL_GPIO_WritePin(
PIOA,
PIO_PIN_6,1); //DO2
../Core/Src/main.c(260): warning:  #188-D: enumerated type mixed with another type
        HAL_GPIO_WritePin(
PIOB,
PIO_PIN_11,0); //XANH1
../Core/Src/main.c(261): warning:  #188-D: enumerated type mixed with another type
  			HAL_GPIO_WritePin(
PIOB,
PIO_PIN_10,1); //VANG1
../Core/Src/main.c(262): warning:  #188-D: enumerated type mixed with another type
  			HAL_GPIO_WritePin(
PIOB,
PIO_PIN_1,0); //DO1
../Core/Src/main.c(263): warning:  #188-D: enumerated type mixed with another type
  	    HAL_GPIO_WritePin(
PIOB,
PIO_PIN_0,0); //XANH2
../Core/Src/main.c(264): warning:  #188-D: enumerated type mixed with another type
  			HAL_GPIO_WritePin(
PIOA,
PIO_PIN_7,0); //VANG2
../Core/Src/main.c(265): warning:  #188-D: enumerated type mixed with another type
  			HAL_GPIO_WritePin(
PIOA,
PIO_PIN_6,1); //DO2
../Core/Src/main.c(289): warning:  #188-D: enumerated type mixed with another type
        HAL_GPIO_WritePin(
PIOB,
PIO_PIN_11,0); //XANH1
../Core/Src/main.c(290): warning:  #188-D: enumerated type mixed with another type
  			HAL_GPIO_WritePin(
PIOB,
PIO_PIN_10,0); //VANG1
../Core/Src/main.c(291): warning:  #188-D: enumerated type mixed with another type
  			HAL_GPIO_WritePin(
PIOB,
PIO_PIN_1,1); //DO1
../Core/Src/main.c(292): warning:  #188-D: enumerated type mixed with another type
  	    HAL_GPIO_WritePin(
PIOB,
PIO_PIN_0,1); //XANH2
../Core/Src/main.c(293): warning:  #188-D: enumerated type mixed with another type
  			HAL_GPIO_WritePin(
PIOA,
PIO_PIN_7,0); //VANG2
../Core/Src/main.c(294): warning:  #188-D: enumerated type mixed with another type
  			HAL_GPIO_WritePin(
PIOA,
PIO_PIN_6,0); //DO2
../Core/Src/main.c(307): warning:  #188-D: enumerated type mixed with another type
        HAL_GPIO_WritePin(
PIOB,
PIO_PIN_11,0); //XANH1
../Core/Src/main.c(308): warning:  #188-D: enumerated type mixed with another type
  			HAL_GPIO_WritePin(
PIOB,
PIO_PIN_10,0); //VANG1
../Core/Src/main.c(309): warning:  #188-D: enumerated type mixed with another type
  			HAL_GPIO_WritePin(
PIOB,
PIO_PIN_1,1); //DO1
../Core/Src/main.c(310): warning:  #188-D: enumerated type mixed with another type
  	    HAL_GPIO_WritePin(
PIOB,
PIO_PIN_0,0); //XANH2
../Core/Src/main.c(311): warning:  #188-D: enumerated type mixed with another type
  			HAL_GPIO_WritePin(
PIOA,
PIO_PIN_7,1); //VANG2
../Core/Src/main.c(312): warning:  #188-D: enumerated type mixed with another type
  			HAL_GPIO_WritePin(
PIOA,
PIO_PIN_6,0); //DO2
../Core/Src/main.c(326): warning:  #188-D: enumerated type mixed with another type
        HAL_GPIO_WritePin(
PIOB,
PIO_PIN_11,1); //XANH1
../Core/Src/main.c(327): warning:  #188-D: enumerated type mixed with another type
  			HAL_GPIO_WritePin(
PIOB,
PIO_PIN_10,0); //VANG1
../Core/Src/main.c(328): warning:  #188-D: enumerated type mixed with another type
  			HAL_GPIO_WritePin(
PIOB,
PIO_PIN_1,0); //DO1
../Core/Src/main.c(329): warning:  #188-D: enumerated type mixed with another type
  	    HAL_GPIO_WritePin(
PIOB,
PIO_PIN_0,0); //XANH2
../Core/Src/main.c(330): warning:  #188-D: enumerated type mixed with another type
  			HAL_GPIO_WritePin(
PIOA,
PIO_PIN_7,0); //VANG2
../Core/Src/main.c(331): warning:  #188-D: enumerated type mixed with another type
  			HAL_GPIO_WritePin(
PIOA,
PIO_PIN_6,1); //DO2
../Core/Src/main.c(344): warning:  #188-D: enumerated type mixed with another type
        HAL_GPIO_WritePin(
PIOB,
PIO_PIN_11,0); //XANH1
../Core/Src/main.c(345): warning:  #188-D: enumerated type mixed with another type
  			HAL_GPIO_WritePin(
PIOB,
PIO_PIN_10,1); //VANG1
../Core/Src/main.c(346): warning:  #188-D: enumerated type mixed with another type
  			HAL_GPIO_WritePin(
PIOB,
PIO_PIN_1,0); //DO1
../Core/Src/main.c(347): warning:  #188-D: enumerated type mixed with another type
  	    HAL_GPIO_WritePin(
PIOB,
PIO_PIN_0,0); //XANH2
../Core/Src/main.c(348): warning:  #188-D: enumerated type mixed with another type
  			HAL_GPIO_WritePin(
PIOA,
PIO_PIN_7,0); //VANG2
../Core/Src/main.c(349): warning:  #188-D: enumerated type mixed with another type
  			HAL_GPIO_WritePin(
PIOA,
PIO_PIN_6,1); //DO2
../Core/Src/main.c(366): warning:  #188-D: enumerated type mixed with another type
  			HAL_GPIO_WritePin(
PIOB,
PIO_PIN_10,1);
../Core/Src/main.c(367): warning:  #188-D: enumerated type mixed with another type
  			HAL_GPIO_WritePin(
PIOA,
PIO_PIN_7,1);	
../Core/Src/main.c(369): warning:  #188-D: enumerated type mixed with another type
  			HAL_GPIO_WritePin(
PIOB,
PIO_PIN_10,0);
../Core/Src/main.c(370): warning:  #188-D: enumerated type mixed with another type
  			HAL_GPIO_WritePin(
PIOA,
PIO_PIN_7,0);	
../Core/Src/main.c: 98 warnings, 0 errors
compiling stm32f1xx_hal_dma.c...
compiling stm32f1xx_hal_pwr.c...
compiling stm32f1xx_hal_cortex.c...
compiling stm32f1xx_hal_gpio.c...
compiling stm32f1xx_hal_rcc_ex.c...
compiling stm32f1xx_hal.c...
compiling stm32f1xx_hal_rcc.c...
compiling stm32f1xx_hal_flash.c...
compiling system_stm32f1xx.c...
compiling stm32f1xx_hal_exti.c...
compiling stm32f1xx_hal_flash_ex.c...
linking...
Program Size: Code=5100 RO-data=284 RW-data=64 ZI-data=1024  
FromELF: creating hex file...
"doan\doan.axf" - 0 Error(s), 99 Warning(s).

<h2>Software Packages used:</h2>

Package Vendor: ARM
                http://www.keil.com/pack/ARM.CMSIS.4.5.0.pack
                ARM::CMSIS:CORE:4.3.0
                CMSIS (Cortex Microcontroller Software Interface Standard)
   * Component: CORE Version: 4.3.0

<h2>Collection of Component include folders:</h2>
  E:\hoc\doanchuyennganh\DOAN1\DOAN1\doan\MDK-ARM\RTE
  F:\keil_v5\ARM\PACK\ARM\CMSIS\4.5.0\CMSIS\Include
  F:\keil_v5\ARM\PACK\Keil\STM32F1xx_DFP\2.3.0\Device\Include

<h2>Collection of Component Files used:</h2>

   * Component: ARM::CMSIS:CORE:4.3.0
Build Time Elapsed:  00:00:10
</pre>
</body>
</html>
